// Jest Snapshot v1, https://goo.gl/fbAQLP

exports[`house renders house component 1`] = `[Function]`;
