// Jest Snapshot v1, https://goo.gl/fbAQLP

exports[`mainpage renders mainpage component 1`] = `[Function]`;
